
C:\Users\tim\Documents\GitHub\culinarquizz\local_package.csx\roles\WebRole1\approot\bin>cd /d "C:\Users\Tim\Documents\GitHub\culinarquizz\local_package.csx\roles\WebRole1\approot\bin\" 

C:\Users\tim\Documents\GitHub\culinarquizz\local_package.csx\roles\WebRole1\approot\bin>if "true" == "true" if DEFINED APPCMD goto emulator_setup 

C:\Users\tim\Documents\GitHub\culinarquizz\local_package.csx\roles\WebRole1\approot\bin>echo Running in emulator adding iisnode to application host config 
Running in emulator adding iisnode to application host config

C:\Users\tim\Documents\GitHub\culinarquizz\local_package.csx\roles\WebRole1\approot\bin>FOR /F "tokens=1,2 delims=/" %a in (""C:\Program Files\IIS Express\appcmd.exe" /apphostconfig:"C:\Users\Tim\AppData\Local\dftmp\Resources\61fd75c9-3485-42d9-85bf-4788e452e256\temp\temp\RoleTemp\applicationHost.config" ") DO set FN=%a  & set OPN=%b 

C:\Users\tim\Documents\GitHub\culinarquizz\local_package.csx\roles\WebRole1\approot\bin>set FN="C:\Program Files\IIS Express\appcmd.exe"   & set OPN=apphostconfig:"C:\Users\Tim\AppData\Local\dftmp\Resources\61fd75c9-3485-42d9-85bf-4788e452e256\temp\temp\RoleTemp\applicationHost.config"  

C:\Users\tim\Documents\GitHub\culinarquizz\local_package.csx\roles\WebRole1\approot\bin>if "apphostconfig:"C:\Users\Tim\AppData\Local\dftmp\Resources\61fd75c9-3485-42d9-85bf-4788e452e256\temp\temp\RoleTemp\applicationHost.config" " == ""C:\Users\Tim\AppData\Local\dftmp\Resources\61fd75c9-3485-42d9-85bf-4788e452e256\temp\temp\RoleTemp\applicationHost.config" " (
echo "Could not parse appcmd '"C:\Program Files\IIS Express\appcmd.exe" /apphostconfig:"C:\Users\Tim\AppData\Local\dftmp\Resources\61fd75c9-3485-42d9-85bf-4788e452e256\temp\temp\RoleTemp\applicationHost.config"  for configuration file, exiting"  
 goto error 
) 

C:\Users\tim\Documents\GitHub\culinarquizz\local_package.csx\roles\WebRole1\approot\bin>set IISNODE_BINARY_DIRECTORY=C:\Program Files (x86)\iisnode-dev\release\x64 

C:\Users\tim\Documents\GitHub\culinarquizz\local_package.csx\roles\WebRole1\approot\bin>set IISNODE_SCHEMA=C:\Program Files (x86)\iisnode-dev\release\x64\iisnode_schema.xml 

C:\Users\tim\Documents\GitHub\culinarquizz\local_package.csx\roles\WebRole1\approot\bin>if "AMD64" == "AMD64" goto start 

C:\Users\tim\Documents\GitHub\culinarquizz\local_package.csx\roles\WebRole1\approot\bin>set
ALLUSERSPROFILE=C:\ProgramData
APPCMD="C:\Program Files\IIS Express\appcmd.exe" /apphostconfig:"C:\Users\Tim\AppData\Local\dftmp\Resources\61fd75c9-3485-42d9-85bf-4788e452e256\temp\temp\RoleTemp\applicationHost.config" 
APPDATA=C:\Users\Tim\AppData\Roaming
AppsRoot=D:\
AZURE_DRIVE_DEV_PATH=C:\Users\Tim\AppData\Local\dftmp\wadd
CommonProgramFiles=C:\Program Files\Common Files
CommonProgramFiles(x86)=C:\Program Files (x86)\Common Files
CommonProgramW6432=C:\Program Files\Common Files
COMPUTERNAME=303-2-2
ComSpec=C:\Windows\system32\cmd.exe
DiagnosticStore=C:\Users\Tim\AppData\Local\dftmp\Resources\61fd75c9-3485-42d9-85bf-4788e452e256\directory\DiagnosticStore\
EMULATED=true
FN="C:\Program Files\IIS Express\appcmd.exe" 
FP_NO_HOST_CHECK=NO
HOMEDRIVE=C:
HOMEPATH=\Users\Tim
IISNODE_BINARY_DIRECTORY=C:\Program Files (x86)\iisnode-dev\release\x64
IISNODE_SCHEMA=C:\Program Files (x86)\iisnode-dev\release\x64\iisnode_schema.xml
LOCALAPPDATA=C:\Users\Tim\AppData\Local
LOGONSERVER=\\MicrosoftAccount
MONITORING_SESSION_NAME=devFabric.mainSession
NUMBER_OF_PROCESSORS=4
OPN=apphostconfig:"C:\Users\Tim\AppData\Local\dftmp\Resources\61fd75c9-3485-42d9-85bf-4788e452e256\temp\temp\RoleTemp\applicationHost.config" 
OS=Windows_NT
PATHEXT=.COM;.EXE;.BAT;.CMD;.VBS;.VBE;.JS;.JSE;.WSF;.WSH;.MSC
PROCESSOR_ARCHITECTURE=AMD64
PROCESSOR_IDENTIFIER=Intel64 Family 6 Model 58 Stepping 9, GenuineIntel
PROCESSOR_LEVEL=6
PROCESSOR_REVISION=3a09
ProgramData=C:\ProgramData
ProgramFiles=C:\Program Files
ProgramFiles(x86)=C:\Program Files (x86)
ProgramW6432=C:\Program Files
PROMPT=$P$G
PSExecutionPolicyPreference=RemoteSigned
PSModulePath=C:\Windows\system32\WindowsPowerShell\v1.0\Modules\;C:\Program Files (x86)\Microsoft SDKs\Azure\PowerShell\ServiceManagement
PUBLIC=C:\Users\Public
RoleDeploymentID=deployment25(3)
RoleInstanceID=deployment25(3).hell.WebRole1_IN_0
RoleName=WebRole1
RUNTIMEID=node;iisnode
RUNTIMEURL=
SystemDrive=C:
SystemRoot=C:\Windows
USERDOMAIN=303-2-2
USERDOMAIN_ROAMINGPROFILE=303-2-2
USERNAME=Tim
USERPROFILE=C:\Users\Tim
VS110COMNTOOLS=C:\Program Files (x86)\Microsoft Visual Studio 11.0\Common7\Tools\
VS120COMNTOOLS=C:\Program Files (x86)\Microsoft Visual Studio 12.0\Common7\Tools\
windir=C:\Windows
_CSRUN_IISEXPRESS_VERSION=8.0
_DF_STATE_DIRECTORY=C:\Users\Tim\AppData\Local\dftmp\
__IISCONFIGURATOR_SITE_CLEANUP_PREFIX_=deployment25(
RdRoleRoot=C:\Users\tim\Documents\GitHub\culinarquizz\local_package.csx\roles\WebRole1\
RoleRoot=C:\Users\tim\Documents\GitHub\culinarquizz\local_package.csx\roles\WebRole1
RdRoleId=deployment25(3).hell.WebRole1_IN_0
TEMP=C:\Users\Tim\AppData\Local\dftmp\Resources\61fd75c9-3485-42d9-85bf-4788e452e256\temp\temp\RoleTemp
TMP=C:\Users\Tim\AppData\Local\dftmp\Resources\61fd75c9-3485-42d9-85bf-4788e452e256\temp\temp\RoleTemp
PATH=C:\Windows\system32;C:\Windows;C:\Windows\System32\Wbem;C:\Windows\System32\WindowsPowerShell\v1.0\;C:\Program Files\TortoiseSVN\bin;C:\Program Files (x86)\Windows Kits\8.1\Windows Performance Toolkit\;C:\Program Files\Microsoft SQL Server\110\Tools\Binn\;C:\Program Files\Microsoft\Web Platform Installer\;C:\Program Files (x86)\Microsoft SDKs\Azure\CLI\wbin;C:\Program Files (x86)\nodejs\;C:\Users\Tim\AppData\Roaming\npm;C:\Users\tim\Documents\GitHub\culinarquizz\local_package.csx\roles\WebRole1\base\x64;C:\Users\tim\Documents\GitHub\culinarquizz\local_package.csx\roles\WebRole1\base\x86;
RdRoleConfigRootPath=C:\Users\Tim\AppData\Local\dftmp\Config\
RdRoleResourcesRootPath=C:\Users\Tim\AppData\Local\dftmp\Resources\61fd75c9-3485-42d9-85bf-4788e452e256
RdRoleLogRootPath=C:\Users\Tim\AppData\Local\dftmp\Resources\61fd75c9-3485-42d9-85bf-4788e452e256
RdServerNamePipe=\\.\pipe\RdRuntimeServer
RdNamedPipeTimeoutInSeconds=30
__WaRuntimeAgent__=WA-Runtime-a9bc6ebd40ed77ada9c4fc73cb8ef119

C:\Users\tim\Documents\GitHub\culinarquizz\local_package.csx\roles\WebRole1\approot\bin>echo Using iisnode binaries location 'C:\Program Files (x86)\iisnode-dev\release\x64' 
Using iisnode binaries location 'C:\Program Files (x86)\iisnode-dev\release\x64'

C:\Users\tim\Documents\GitHub\culinarquizz\local_package.csx\roles\WebRole1\approot\bin>echo installing iisnode module using AppCMD alias "C:\Program Files\IIS Express\appcmd.exe" /apphostconfig:"C:\Users\Tim\AppData\Local\dftmp\Resources\61fd75c9-3485-42d9-85bf-4788e452e256\temp\temp\RoleTemp\applicationHost.config"  
installing iisnode module using AppCMD alias "C:\Program Files\IIS Express\appcmd.exe" /apphostconfig:"C:\Users\Tim\AppData\Local\dftmp\Resources\61fd75c9-3485-42d9-85bf-4788e452e256\temp\temp\RoleTemp\applicationHost.config" 

C:\Users\tim\Documents\GitHub\culinarquizz\local_package.csx\roles\WebRole1\approot\bin>"C:\Program Files\IIS Express\appcmd.exe" /apphostconfig:"C:\Users\Tim\AppData\Local\dftmp\Resources\61fd75c9-3485-42d9-85bf-4788e452e256\temp\temp\RoleTemp\applicationHost.config"  install module /name:"iisnode" /image:"C:\Program Files (x86)\iisnode-dev\release\x64\iisnode.dll" 
GLOBAL MODULE object "iisnode" added
MODULE object "iisnode" added

C:\Users\tim\Documents\GitHub\culinarquizz\local_package.csx\roles\WebRole1\approot\bin>set apphostconfigfile="C:\Users\Tim\AppData\Local\dftmp\Resources\61fd75c9-3485-42d9-85bf-4788e452e256\temp\temp\RoleTemp\applicationHost.config"  

C:\Users\tim\Documents\GitHub\culinarquizz\local_package.csx\roles\WebRole1\approot\bin>powershell -c "set-executionpolicy unrestricted" 
set-executionpolicy : Windows PowerShell updated your execution policy 
successfully, but the setting is overridden by a policy defined at a more 
specific scope.  Due to the override, your shell will retain its current 
effective execution policy of RemoteSigned. Type "Get-ExecutionPolicy -List" 
to view your execution policy settings. For more information please see 
"Get-Help Set-ExecutionPolicy".
At line:1 char:1
+ set-executionpolicy unrestricted
+ ~~~~~~~~~~~~~~~~~~~~~~~~~~~~~~~~
    + CategoryInfo          : PermissionDenied: (:) [Set-ExecutionPolicy], Sec 
   urityException
    + FullyQualifiedErrorId : ExecutionPolicyOverride,Microsoft.PowerShell.Com 
   mands.SetExecutionPolicyCommand

C:\Users\tim\Documents\GitHub\culinarquizz\local_package.csx\roles\WebRole1\approot\bin>powershell .\ChangeConfig.ps1 "C:\Users\Tim\AppData\Local\dftmp\Resources\61fd75c9-3485-42d9-85bf-4788e452e256\temp\temp\RoleTemp\applicationHost.config"  
Adding iisnode section to config file 'C:\Users\Tim\AppData\Local\dftmp\Resources\61fd75c9-3485-42d9-85bf-4788e452e256\temp\temp\RoleTemp\applicationHost.config'

C:\Users\tim\Documents\GitHub\culinarquizz\local_package.csx\roles\WebRole1\approot\bin>if 0 NEQ 0 goto error 

C:\Users\tim\Documents\GitHub\culinarquizz\local_package.csx\roles\WebRole1\approot\bin>copy /y "C:\Program Files (x86)\iisnode-dev\release\x64\iisnode_schema.xml" "C:\Program Files\IIS Express\config\schema\iisnode_schema.xml" 
The system cannot find the path specified.

C:\Users\tim\Documents\GitHub\culinarquizz\local_package.csx\roles\WebRole1\approot\bin>if 1 NEQ 0 goto error 

C:\Users\tim\Documents\GitHub\culinarquizz\local_package.csx\roles\WebRole1\approot\bin>echo FAILED 
FAILED

C:\Users\tim\Documents\GitHub\culinarquizz\local_package.csx\roles\WebRole1\approot\bin>exit /b -1 
